(cpanel.Reseller) {
 User: (string) (len=13) "whousescpanel",
 Accounts: ([]cpanel.Account) (len=1 cap=4) {
  (cpanel.Account) {
   Username: (string) (len=13) "whousescpanel",
   PrimaryDomain: (string) (len=17) "whousescpanel.com",
   ContactEmail: (string) "",
   Reseller: (string) "",
   HomePartition: (string) "",
   Shell: (string) "",
   Package: (string) (len=7) "default",
   Theme: (string) "",
   BackupsEnabled: (bool) false,
   Suspended: (bool) false,
   Locked: (bool) false,
   OutgoingMailSuspended: (bool) false,
   OutgoingMailHold: (bool) false,
   MailboxFormat: (int8) 0,
   MaxDeferPrecent: (string) "",
   MinDeferBeforeProtection: (string) "",
   MaxEmailPerHour: (string) "",
   MainIPv4: (net.IP) <nil>,
   MainIPv6: (net.IP) <nil>,
   EmailQuotaLimit: (string) "",
   MaxAddons: (string) "",
   MaxFtp: (string) "",
   MaxMailingLists: (string) "",
   MaxParked: (string) "",
   MaxPop: (string) "",
   MaxDatabases: (string) "",
   MaxSubdomains: (string) "",
   BandwidthUsed: (*cpanel.FloatLimit)(0xc00009b880)(0.00),
   BandwidthLimit: (*cpanel.FloatLimit)(0xc00009b860)(0.00),
   DiskUsed: (*cpanel.FloatLimit)(0xc00009b8a0)(99.84),
   DiskLimit: (*cpanel.IntLimit)(0xc00009b890)(unlimited),
   AlternateDiskLimit: (*cpanel.IntLimit)(0xc00009b890)(unlimited),
   InodeUsed: (*cpanel.IntLimit)(<nil>),
   InodeLimit: (*cpanel.IntLimit)(<nil>)
  }
 },
 BandwidthUsed: (*cpanel.IntLimit)(0xc00009b920)(unlimited),
 BandwidthAlloc: (*cpanel.IntLimit)(0xc00009b910)(unlimited),
 BandwidthLimit: (*cpanel.IntLimit)(0xc00009b8d0)(unlimited),
 BandwidthOverSelling: (*cpanel.CpBool)(0xc00009b8cd)(0),
 DiskUsed: (*cpanel.FloatLimit)(0xc00009b8f0)(99.84),
 DiskAlloc: (*cpanel.IntLimit)(0xc00009b930)(unlimited),
 DiskLimit: (*cpanel.IntLimit)(0xc00009b8e0)(unlimited),
 DiskOverselling: (*cpanel.CpBool)(0xc00009b8ce)(0)
}
